INFO    -  Building documentation...
INFO    -  Cleaning site directory
INFO    -  Documentation built in 0.04 seconds
INFO    -  [10:53:33] Watching paths for changes: 'docs', 'mkdocs.yml'
INFO    -  [10:53:33] Serving on http://127.0.0.1:8000/
INFO    -  [10:53:41] Browser connected: http://127.0.0.1:8000/
INFO    -  [10:53:47] Browser connected: http://127.0.0.1:8000/
INFO    -  [10:53:48] Browser connected: http://127.0.0.1:8000/
INFO    -  [10:59:02] Detected file changes
INFO    -  Building documentation...
INFO    -  Documentation built in 0.07 seconds
INFO    -  [10:59:02] Reloading browsers
INFO    -  [10:59:06] Detected file changes
INFO    -  Building documentation...
INFO    -  [10:59:06] Reloading browsers
INFO    -  [11:40:17] Browser connected: http://127.0.0.1:8000/
INFO    -  [11:40:24] Browser connected: http://127.0.0.1:8000/
INFO    -  [11:54:38] Browser connected: http://127.0.0.1:8000/
INFO    -  [11:55:16] Detected file changes
INFO    -  Building documentation...
INFO    -  [11:55:16] Reloading browsers
INFO    -  [11:55:16] Browser connected: http://127.0.0.1:8000/
INFO    -  [12:02:24] Detected file changes
INFO    -  Building documentation...
ERROR   -  Config value 'theme': Unrecognised theme name: 'material'. The available installed themes are: mkdocs, readthedocs
Aborted with a configuration error!
ERROR   -  [12:02:25] An error happened during the rebuild. The server will appear stuck until build errors are resolved.
INFO    -  [12:02:54] Detected file changes
INFO    -  Building documentation...
ERROR   -  Config value 'theme': Unrecognised theme name: 'material'. The available installed themes are: mkdocs, readthedocs
Aborted with a configuration error!
ERROR   -  [12:02:54] An error happened during the rebuild. The server will appear stuck until build errors are resolved.
INFO    -  [12:16:19] Detected file changes
INFO    -  Building documentation...
INFO    -  Documentation built in 0.09 seconds
INFO    -  [12:16:19] Reloading browsers
INFO    -  [12:16:20] Browser connected: http://127.0.0.1:8000/
INFO    -  [12:16:21] Browser connected: http://127.0.0.1:8000/
INFO    -  [12:16:26] Detected file changes
INFO    -  Building documentation...
INFO    -  Documentation built in 0.24 seconds
INFO    -  [12:16:26] Reloading browsers
INFO    -  [12:16:27] Browser connected: http://127.0.0.1:8000/
INFO    -  [12:17:01] Detected file changes
INFO    -  Building documentation...
INFO    -  Documentation built in 0.08 seconds
INFO    -  [12:17:01] Reloading browsers
INFO    -  [12:17:02] Browser connected: http://127.0.0.1:8000/
INFO    -  [12:17:07] Detected file changes
INFO    -  Building documentation...
INFO    -  [12:17:07] Reloading browsers
INFO    -  [12:17:08] Browser connected: http://127.0.0.1:8000/
INFO    -  [12:19:36] Browser connected: http://127.0.0.1:8000/
INFO    -  [12:22:41] Browser connected: http://127.0.0.1:8000/
INFO    -  [12:23:29] Browser connected: http://127.0.0.1:8000/
INFO    -  [12:25:10] Browser connected: http://127.0.0.1:8000/
INFO    -  [12:25:30] Browser connected: http://127.0.0.1:8000/
INFO    -  [12:25:33] Browser connected: http://127.0.0.1:8000/
INFO    -  [12:25:56] Detected file changes
INFO    -  Building documentation...
ERROR   -  Config value 'theme': Unrecognised theme name: 'custommill'. The available installed themes are: mkdocs, readthedocs, material
Aborted with a configuration error!
ERROR   -  [12:25:56] An error happened during the rebuild. The server will appear stuck until build errors are resolved.
INFO    -  [12:26:00] Detected file changes
INFO    -  Building documentation...
ERROR   -  Config value 'theme': Unrecognised theme name: 'custommill'. The available installed themes are: mkdocs, readthedocs, material
Aborted with a configuration error!
ERROR   -  [12:26:00] An error happened during the rebuild. The server will appear stuck until build errors are resolved.
INFO    -  [12:26:41] Detected file changes
INFO    -  Building documentation...
ERROR   -  Config value 'theme': Unrecognised theme name: 'CustomMill'. The available installed themes are: mkdocs, readthedocs, material
Aborted with a configuration error!
ERROR   -  [12:26:41] An error happened during the rebuild. The server will appear stuck until build errors are resolved.
INFO    -  [12:26:59] Detected file changes
INFO    -  Building documentation...
INFO    -  [12:26:59] Reloading browsers
INFO    -  [12:27:01] Browser connected: http://127.0.0.1:8000/
INFO    -  [12:27:02] Browser connected: http://127.0.0.1:8000/
INFO    -  [12:27:10] Detected file changes
INFO    -  Building documentation...
ERROR   -  Config value 'theme': Unrecognised theme name: 'CustomMill'. The available installed themes are: mkdocs, readthedocs, material
Aborted with a configuration error!
ERROR   -  [12:27:10] An error happened during the rebuild. The server will appear stuck until build errors are resolved.
INFO    -  [12:30:09] Detected file changes
INFO    -  Building documentation...
INFO    -  Documentation built in 0.25 seconds
INFO    -  [12:30:10] Reloading browsers
INFO    -  [12:30:10] Browser connected: http://127.0.0.1:8000/
INFO    -  [12:32:11] Detected file changes
INFO    -  Building documentation...
ERROR   -  Config value 'theme': Unrecognised theme name: 'custommill'. The available installed themes are: mkdocs, readthedocs, material
Aborted with a configuration error!
ERROR   -  [12:32:12] An error happened during the rebuild. The server will appear stuck until build errors are resolved.
INFO    -  [12:32:27] Detected file changes
INFO    -  Building documentation...
INFO    -  [12:32:27] Reloading browsers
INFO    -  [12:32:28] Browser connected: http://127.0.0.1:8000/
INFO    -  [12:34:44] Detected file changes
INFO    -  Building documentation...
ERROR   -  Config value 'theme': Unrecognised theme name: 'custommill'. The available installed themes are: mkdocs, readthedocs, material
Aborted with a configuration error!
ERROR   -  [12:34:44] An error happened during the rebuild. The server will appear stuck until build errors are resolved.
INFO    -  [12:35:19] Detected file changes
INFO    -  Building documentation...
ERROR   -  Config value 'theme': Unrecognised theme name: 'materal'. The available installed themes are: mkdocs, readthedocs, material
Aborted with a configuration error!
ERROR   -  [12:35:19] An error happened during the rebuild. The server will appear stuck until build errors are resolved.
INFO    -  [12:35:25] Detected file changes
INFO    -  Building documentation...
ERROR   -  Config value 'theme': Unrecognised theme name: 'materal'. The available installed themes are: mkdocs, readthedocs, material
Aborted with a configuration error!
ERROR   -  [12:35:25] An error happened during the rebuild. The server will appear stuck until build errors are resolved.
INFO    -  [12:35:36] Detected file changes
INFO    -  Building documentation...
INFO    -  Documentation built in 0.26 seconds
INFO    -  [12:35:36] Reloading browsers
INFO    -  [12:35:37] Browser connected: http://127.0.0.1:8000/
INFO    -  [12:39:50] Detected file changes
INFO    -  Building documentation...
ERROR   -  Config value 'theme': Unrecognised theme name: 'CustomMill'. The available installed themes are: mkdocs, readthedocs, material
Aborted with a configuration error!
ERROR   -  [12:39:50] An error happened during the rebuild. The server will appear stuck until build errors are resolved.
INFO    -  [12:40:09] Detected file changes
INFO    -  Building documentation...
ERROR   -  Config value 'theme': Unrecognised theme name: 'CustomMill'. The available installed themes are: mkdocs, readthedocs, material
Aborted with a configuration error!
ERROR   -  [12:40:09] An error happened during the rebuild. The server will appear stuck until build errors are resolved.
INFO    -  [12:40:48] Detected file changes
INFO    -  Building documentation...
ERROR   -  Config value 'theme': Unrecognised theme name: 'materal'. The available installed themes are: mkdocs, readthedocs, material
Aborted with a configuration error!
ERROR   -  [12:40:48] An error happened during the rebuild. The server will appear stuck until build errors are resolved.
INFO    -  [12:40:56] Detected file changes
INFO    -  Building documentation...
INFO    -  [12:40:57] Reloading browsers
INFO    -  [12:40:57] Browser connected: http://127.0.0.1:8000/
INFO    -  [12:41:07] Detected file changes
INFO    -  Building documentation...
INFO    -  [12:41:08] Reloading browsers
INFO    -  [12:41:08] Browser connected: http://127.0.0.1:8000/
INFO    -  [12:41:24] Detected file changes
INFO    -  Building documentation...
INFO    -  [12:41:24] Reloading browsers
INFO    -  [12:41:24] Browser connected: http://127.0.0.1:8000/
INFO    -  [12:41:37] Detected file changes
INFO    -  Building documentation...
INFO    -  [12:41:37] Reloading browsers
INFO    -  [12:41:38] Browser connected: http://127.0.0.1:8000/
INFO    -  [16:05:33] Browser connected: http://127.0.0.1:8000/
INFO    -  [16:06:00] Browser connected: http://127.0.0.1:8000/
INFO    -  Building documentation...
INFO    -  Cleaning site directory
INFO    -  Documentation built in 0.31 seconds
INFO    -  [17:49:46] Watching paths for changes: 'docs', 'mkdocs.yml'
INFO    -  [17:49:46] Serving on http://127.0.0.1:8000/
INFO    -  [17:49:51] Browser connected: http://127.0.0.1:8000/
INFO    -  Building documentation...
INFO    -  Cleaning site directory
INFO    -  Documentation built in 0.72 seconds
INFO    -  [18:16:52] Watching paths for changes: 'docs', 'mkdocs.yml'
INFO    -  [18:16:52] Serving on http://127.0.0.1:8000/
INFO    -  [18:16:57] Browser connected: http://127.0.0.1:8000/
INFO    -  [18:51:43] Detected file changes
INFO    -  Building documentation...
INFO    -  Documentation built in 0.92 seconds
INFO    -  [18:51:44] Reloading browsers
INFO    -  [18:57:54] Browser connected: http://127.0.0.1:8000/
INFO    -  [19:00:28] Browser connected: http://127.0.0.1:8000/
INFO    -  [19:06:07] Detected file changes
INFO    -  Building documentation...
INFO    -  Documentation built in 0.98 seconds
INFO    -  [19:06:08] Reloading browsers
INFO    -  [19:06:59] Browser connected: http://127.0.0.1:8000/
INFO    -  Building documentation...
INFO    -  Cleaning site directory
INFO    -  Documentation built in 0.73 seconds
INFO    -  [19:15:50] Watching paths for changes: 'docs', 'mkdocs.yml'
INFO    -  [19:15:50] Serving on http://127.0.0.1:8000/
INFO    -  Building documentation...
INFO    -  Cleaning site directory
INFO    -  Documentation built in 0.60 seconds
Traceback (most recent call last):
  File "/Users/kirillsafin/Library/Python/3.9/bin/mkdocs", line 8, in <module>
    sys.exit(cli())
  File "/Users/kirillsafin/Library/Python/3.9/lib/python/site-packages/click/core.py", line 1161, in __call__
    return self.main(*args, **kwargs)
  File "/Users/kirillsafin/Library/Python/3.9/lib/python/site-packages/click/core.py", line 1082, in main
    rv = self.invoke(ctx)
  File "/Users/kirillsafin/Library/Python/3.9/lib/python/site-packages/click/core.py", line 1697, in invoke
    return _process_result(sub_ctx.command.invoke(sub_ctx))
  File "/Users/kirillsafin/Library/Python/3.9/lib/python/site-packages/click/core.py", line 1443, in invoke
    return ctx.invoke(self.callback, **ctx.params)
  File "/Users/kirillsafin/Library/Python/3.9/lib/python/site-packages/click/core.py", line 788, in invoke
    return __callback(*args, **kwargs)
  File "/Users/kirillsafin/Library/Python/3.9/lib/python/site-packages/mkdocs/__main__.py", line 272, in serve_command
    serve.serve(**kwargs)
  File "/Users/kirillsafin/Library/Python/3.9/lib/python/site-packages/mkdocs/commands/serve.py", line 104, in serve
    server.serve(open_in_browser=open_in_browser)
  File "/Users/kirillsafin/Library/Python/3.9/lib/python/site-packages/mkdocs/livereload/__init__.py", line 173, in serve
    self.server_bind()
  File "/Library/Developer/CommandLineTools/Library/Frameworks/Python3.framework/Versions/3.9/lib/python3.9/wsgiref/simple_server.py", line 50, in server_bind
    HTTPServer.server_bind(self)
  File "/Library/Developer/CommandLineTools/Library/Frameworks/Python3.framework/Versions/3.9/lib/python3.9/http/server.py", line 138, in server_bind
    socketserver.TCPServer.server_bind(self)
  File "/Library/Developer/CommandLineTools/Library/Frameworks/Python3.framework/Versions/3.9/lib/python3.9/socketserver.py", line 466, in server_bind
    self.socket.bind(self.server_address)
OSError: [Errno 48] Address already in use
INFO    -  Building documentation...
INFO    -  Cleaning site directory
INFO    -  Documentation built in 0.62 seconds
Traceback (most recent call last):
  File "/Users/kirillsafin/Library/Python/3.9/bin/mkdocs", line 8, in <module>
    sys.exit(cli())
  File "/Users/kirillsafin/Library/Python/3.9/lib/python/site-packages/click/core.py", line 1161, in __call__
    return self.main(*args, **kwargs)
  File "/Users/kirillsafin/Library/Python/3.9/lib/python/site-packages/click/core.py", line 1082, in main
    rv = self.invoke(ctx)
  File "/Users/kirillsafin/Library/Python/3.9/lib/python/site-packages/click/core.py", line 1697, in invoke
    return _process_result(sub_ctx.command.invoke(sub_ctx))
  File "/Users/kirillsafin/Library/Python/3.9/lib/python/site-packages/click/core.py", line 1443, in invoke
    return ctx.invoke(self.callback, **ctx.params)
  File "/Users/kirillsafin/Library/Python/3.9/lib/python/site-packages/click/core.py", line 788, in invoke
    return __callback(*args, **kwargs)
  File "/Users/kirillsafin/Library/Python/3.9/lib/python/site-packages/mkdocs/__main__.py", line 272, in serve_command
    serve.serve(**kwargs)
  File "/Users/kirillsafin/Library/Python/3.9/lib/python/site-packages/mkdocs/commands/serve.py", line 104, in serve
    server.serve(open_in_browser=open_in_browser)
  File "/Users/kirillsafin/Library/Python/3.9/lib/python/site-packages/mkdocs/livereload/__init__.py", line 173, in serve
    self.server_bind()
  File "/Library/Developer/CommandLineTools/Library/Frameworks/Python3.framework/Versions/3.9/lib/python3.9/wsgiref/simple_server.py", line 50, in server_bind
    HTTPServer.server_bind(self)
  File "/Library/Developer/CommandLineTools/Library/Frameworks/Python3.framework/Versions/3.9/lib/python3.9/http/server.py", line 138, in server_bind
    socketserver.TCPServer.server_bind(self)
  File "/Library/Developer/CommandLineTools/Library/Frameworks/Python3.framework/Versions/3.9/lib/python3.9/socketserver.py", line 466, in server_bind
    self.socket.bind(self.server_address)
OSError: [Errno 48] Address already in use
INFO    -  [19:16:19] Browser connected: http://127.0.0.1:8000/
INFO    -  [19:20:38] Detected file changes
INFO    -  Building documentation...
INFO    -  Documentation built in 0.68 seconds
INFO    -  [19:20:39] Reloading browsers
INFO    -  [19:20:43] Detected file changes
INFO    -  Building documentation...
INFO    -  Documentation built in 0.55 seconds
INFO    -  [19:20:43] Reloading browsers
INFO    -  [19:22:35] Browser connected: http://127.0.0.1:8000/
INFO    -  [19:27:05] Browser connected: http://127.0.0.1:8000/
INFO    -  [16:24:52] Detected file changes
INFO    -  Building documentation...
INFO    -  Documentation built in 0.86 seconds
INFO    -  [16:24:53] Reloading browsers
INFO    -  [16:24:55] Detected file changes
INFO    -  Building documentation...
INFO    -  Documentation built in 0.65 seconds
INFO    -  [16:24:55] Reloading browsers
INFO    -  [16:30:16] Detected file changes
INFO    -  Building documentation...
INFO    -  Documentation built in 1.10 seconds
INFO    -  [16:30:17] Reloading browsers
INFO    -  [16:30:20] Browser connected: http://127.0.0.1:8000/
INFO    -  [16:39:09] Detected file changes
INFO    -  Building documentation...
INFO    -  Documentation built in 0.80 seconds
INFO    -  [16:39:10] Reloading browsers
INFO    -  [16:39:58] Browser connected: http://127.0.0.1:8000/
INFO    -  [16:40:22] Detected file changes
INFO    -  Building documentation...
INFO    -  Documentation built in 0.74 seconds
INFO    -  [16:40:23] Reloading browsers
INFO    -  [16:40:54] Browser connected: http://127.0.0.1:8000/
INFO    -  [16:49:05] Browser connected: http://127.0.0.1:8000/
INFO    -  [16:51:05] Browser connected: http://127.0.0.1:8000/
